
==============================================================================
CALDERON COMBINED SHOWCASE — Koch(1), g=x^2-y^2, no enrichment
==============================================================================

--- Step 1: Assembling operators ---
  Koch(1): N_panels=144, N_quad=2304
  cond(V_h) = 1.337e+04
  cond(B=W_tilde*V_h) = 8.630e+00

--- Step 2: Spectral analysis ---
  beta=   0.001: cond(V^T(I+beta W^T W)V) = 4.32e+04
  beta=   0.010: cond(V^T(I+beta W^T W)V) = 4.88e+03
  beta=   0.100: cond(V^T(I+beta W^T W)V) = 6.02e+02
  beta=   1.000: cond(V^T(I+beta W^T W)V) = 1.23e+02
  beta=  10.000: cond(V^T(I+beta W^T W)V) = 7.38e+01
  beta= 100.000: cond(V^T(I+beta W^T W)V) = 7.42e+01
  H1 alpha=0.1: cond(V^TV + alpha(DV)^T(DV)) = 5.60e+07
  H1 alpha=1.0: cond(V^TV + alpha(DV)^T(DV)) = 5.59e+08
  H1 alpha=10.0: cond(V^TV + alpha(DV)^T(DV)) = 5.59e+09

  Standard: cond(V^TV) = 1.79e+08
  V^{-1}:   cond = 1.0

--- Step 4: beta sweep (short budget) ---
  Budget: Adam [(500, 0.001), (500, 0.0001)] + L-BFGS 3000
  [sweep beta=0] iter=     0 | loss=8.565e-03 | d_err=1.0001
  [sweep beta=0] iter=   200 | loss=2.785e-04 | d_err=0.7979
  [sweep beta=0] iter=   400 | loss=2.499e-04 | d_err=0.7941
  [sweep beta=0] iter=   600 | loss=2.415e-04 | d_err=0.7925
  [sweep beta=0] iter=   800 | loss=2.388e-04 | d_err=0.7917
  [sweep beta=0] iter=  1000 | loss=2.355e-04 | d_err=0.7908
  [sweep beta=0] iter=  1000 | loss=2.355e-04 | d_err=0.7908
  [sweep beta=0] iter=  1200 | loss=5.251e-05 | d_err=0.7004
  [sweep beta=0] iter=  1400 | loss=2.840e-05 | d_err=0.6855
  [sweep beta=0] iter=  1600 | loss=2.113e-05 | d_err=0.6749
  [sweep beta=0] iter=  1800 | loss=2.112e-05 | d_err=0.6749
  [sweep beta=0] iter=  2000 | loss=2.112e-05 | d_err=0.6749
  [sweep beta=0] iter=  2200 | loss=2.112e-05 | d_err=0.6749
  [sweep beta=0] iter=  2400 | loss=2.112e-05 | d_err=0.6749
  [sweep beta=0] iter=  2600 | loss=2.112e-05 | d_err=0.6749
  [sweep beta=0] iter=  2800 | loss=2.112e-05 | d_err=0.6749
  [sweep beta=0] iter=  3000 | loss=2.112e-05 | d_err=0.6749
  [sweep beta=0] iter=  3200 | loss=2.112e-05 | d_err=0.6749
  [sweep beta=0] iter=  3400 | loss=2.112e-05 | d_err=0.6749
  [sweep beta=0] iter=  3600 | loss=2.112e-05 | d_err=0.6749
  [sweep beta=0] iter=  3800 | loss=2.112e-05 | d_err=0.6749
  [sweep beta=0] iter=  4000 | loss=2.112e-05 | d_err=0.6749
  [sweep beta=0] iter=  4000 | loss=2.112e-05 | d_err=0.6749
  beta=      0 | cond(H)=1.79e+08 | d_err=0.6749 | BIE=5.00e-02 | loss=2.11e-05 | time=15.6s
  [sweep beta=0.001] iter=     0 | loss=8.596e-03 | d_err=1.0001
  [sweep beta=0.001] iter=   200 | loss=3.086e-04 | d_err=0.7979
  [sweep beta=0.001] iter=   400 | loss=2.723e-04 | d_err=0.7939
  [sweep beta=0.001] iter=   600 | loss=2.632e-04 | d_err=0.7922
  [sweep beta=0.001] iter=   800 | loss=2.603e-04 | d_err=0.7913
  [sweep beta=0.001] iter=  1000 | loss=2.568e-04 | d_err=0.7903
  [sweep beta=0.001] iter=  1000 | loss=2.568e-04 | d_err=0.7903
  [sweep beta=0.001] iter=  1200 | loss=6.284e-05 | d_err=0.6992
  [sweep beta=0.001] iter=  1400 | loss=4.090e-05 | d_err=0.6819
  [sweep beta=0.001] iter=  1600 | loss=3.824e-05 | d_err=0.6785
  [sweep beta=0.001] iter=  1800 | loss=3.479e-05 | d_err=0.6669
  [sweep beta=0.001] iter=  2000 | loss=3.479e-05 | d_err=0.6669
  [sweep beta=0.001] iter=  2200 | loss=3.479e-05 | d_err=0.6669
  [sweep beta=0.001] iter=  2400 | loss=3.479e-05 | d_err=0.6669
  [sweep beta=0.001] iter=  2600 | loss=3.479e-05 | d_err=0.6669
  [sweep beta=0.001] iter=  2800 | loss=3.479e-05 | d_err=0.6669
  [sweep beta=0.001] iter=  3000 | loss=3.479e-05 | d_err=0.6669
  [sweep beta=0.001] iter=  3200 | loss=3.479e-05 | d_err=0.6669
  [sweep beta=0.001] iter=  3400 | loss=3.479e-05 | d_err=0.6669
  [sweep beta=0.001] iter=  3600 | loss=3.479e-05 | d_err=0.6669
  [sweep beta=0.001] iter=  3800 | loss=3.479e-05 | d_err=0.6669
  [sweep beta=0.001] iter=  4000 | loss=3.479e-05 | d_err=0.6669
  [sweep beta=0.001] iter=  4000 | loss=3.479e-05 | d_err=0.6669
  beta=  0.001 | cond(H)=4.32e+04 | d_err=0.6669 | BIE=4.72e-02 | loss=3.48e-05 | time=20.8s
  [sweep beta=0.01] iter=     0 | loss=8.869e-03 | d_err=1.0001
  [sweep beta=0.01] iter=   200 | loss=4.953e-04 | d_err=0.7978
  [sweep beta=0.01] iter=   400 | loss=4.691e-04 | d_err=0.7920
  [sweep beta=0.01] iter=   600 | loss=4.574e-04 | d_err=0.7903
  [sweep beta=0.01] iter=   800 | loss=4.531e-04 | d_err=0.7893
  [sweep beta=0.01] iter=  1000 | loss=4.481e-04 | d_err=0.7882
  [sweep beta=0.01] iter=  1000 | loss=4.481e-04 | d_err=0.7882
  [sweep beta=0.01] iter=  1200 | loss=1.960e-04 | d_err=0.6929
  [sweep beta=0.01] iter=  1400 | loss=1.862e-04 | d_err=0.6847
  [sweep beta=0.01] iter=  1600 | loss=1.757e-04 | d_err=0.6715
  [sweep beta=0.01] iter=  1800 | loss=1.748e-04 | d_err=0.6707
  [sweep beta=0.01] iter=  2000 | loss=1.748e-04 | d_err=0.6707
  [sweep beta=0.01] iter=  2200 | loss=1.748e-04 | d_err=0.6707
  [sweep beta=0.01] iter=  2400 | loss=1.748e-04 | d_err=0.6707
  [sweep beta=0.01] iter=  2600 | loss=1.748e-04 | d_err=0.6707
  [sweep beta=0.01] iter=  2800 | loss=1.748e-04 | d_err=0.6707
  [sweep beta=0.01] iter=  3000 | loss=1.748e-04 | d_err=0.6707
  [sweep beta=0.01] iter=  3200 | loss=1.748e-04 | d_err=0.6707
  [sweep beta=0.01] iter=  3400 | loss=1.748e-04 | d_err=0.6707
  [sweep beta=0.01] iter=  3600 | loss=1.748e-04 | d_err=0.6707
  [sweep beta=0.01] iter=  3800 | loss=1.748e-04 | d_err=0.6707
  [sweep beta=0.01] iter=  4000 | loss=1.748e-04 | d_err=0.6707
  [sweep beta=0.01] iter=  4000 | loss=1.748e-04 | d_err=0.6707
  beta=   0.01 | cond(H)=4.88e+03 | d_err=0.6707 | BIE=4.89e-02 | loss=1.75e-04 | time=21.2s
  [sweep beta=0.1] iter=     0 | loss=1.160e-02 | d_err=1.0001
  [sweep beta=0.1] iter=   200 | loss=2.419e-03 | d_err=0.7990
  [sweep beta=0.1] iter=   400 | loss=2.537e-03 | d_err=0.7913
  [sweep beta=0.1] iter=   600 | loss=2.199e-03 | d_err=0.7836
  [sweep beta=0.1] iter=   800 | loss=2.182e-03 | d_err=0.7823
  [sweep beta=0.1] iter=  1000 | loss=2.161e-03 | d_err=0.7807
  [sweep beta=0.1] iter=  1000 | loss=2.161e-03 | d_err=0.7807
  [sweep beta=0.1] iter=  1200 | loss=1.478e-03 | d_err=0.6949
  [sweep beta=0.1] iter=  1400 | loss=1.454e-03 | d_err=0.6884
  [sweep beta=0.1] iter=  1600 | loss=1.443e-03 | d_err=0.6874
  [sweep beta=0.1] iter=  1800 | loss=1.439e-03 | d_err=0.6871
  [sweep beta=0.1] iter=  2000 | loss=1.439e-03 | d_err=0.6871
  [sweep beta=0.1] iter=  2200 | loss=1.439e-03 | d_err=0.6871
  [sweep beta=0.1] iter=  2400 | loss=1.439e-03 | d_err=0.6871
  [sweep beta=0.1] iter=  2600 | loss=1.439e-03 | d_err=0.6871
  [sweep beta=0.1] iter=  2800 | loss=1.439e-03 | d_err=0.6871
  [sweep beta=0.1] iter=  3000 | loss=1.439e-03 | d_err=0.6871
  [sweep beta=0.1] iter=  3200 | loss=1.439e-03 | d_err=0.6871
  [sweep beta=0.1] iter=  3400 | loss=1.439e-03 | d_err=0.6871
  [sweep beta=0.1] iter=  3600 | loss=1.439e-03 | d_err=0.6871
  [sweep beta=0.1] iter=  3800 | loss=1.439e-03 | d_err=0.6871
  [sweep beta=0.1] iter=  4000 | loss=1.439e-03 | d_err=0.6871
  [sweep beta=0.1] iter=  4000 | loss=1.439e-03 | d_err=0.6871
  beta=    0.1 | cond(H)=6.02e+02 | d_err=0.6871 | BIE=1.03e-01 | loss=1.44e-03 | time=21.0s
  [sweep beta=1] iter=     0 | loss=3.895e-02 | d_err=1.0001
  [sweep beta=1] iter=   200 | loss=1.856e-02 | d_err=0.8130
  [sweep beta=1] iter=   400 | loss=1.670e-02 | d_err=0.7907
  [sweep beta=1] iter=   600 | loss=1.646e-02 | d_err=0.7882
  [sweep beta=1] iter=   800 | loss=1.637e-02 | d_err=0.7873
  [sweep beta=1] iter=  1000 | loss=1.629e-02 | d_err=0.7860
  [sweep beta=1] iter=  1000 | loss=1.629e-02 | d_err=0.7860
  [sweep beta=1] iter=  1200 | loss=1.282e-02 | d_err=0.7242
  [sweep beta=1] iter=  1400 | loss=1.267e-02 | d_err=0.7254
  [sweep beta=1] iter=  1600 | loss=1.241e-02 | d_err=0.7191
  [sweep beta=1] iter=  1800 | loss=1.231e-02 | d_err=0.7225
  [sweep beta=1] iter=  2000 | loss=1.222e-02 | d_err=0.7159
  [sweep beta=1] iter=  2200 | loss=1.211e-02 | d_err=0.7124
  [sweep beta=1] iter=  2400 | loss=1.203e-02 | d_err=0.7061
  [sweep beta=1] iter=  2600 | loss=1.192e-02 | d_err=0.6991
  [sweep beta=1] iter=  2800 | loss=1.188e-02 | d_err=0.6998
  [sweep beta=1] iter=  3000 | loss=1.186e-02 | d_err=0.6961
  [sweep beta=1] iter=  3200 | loss=1.183e-02 | d_err=0.6951
  [sweep beta=1] iter=  3400 | loss=1.175e-02 | d_err=0.6905
  [sweep beta=1] iter=  3600 | loss=1.171e-02 | d_err=0.6883
  [sweep beta=1] iter=  3800 | loss=1.165e-02 | d_err=0.6814
  [sweep beta=1] iter=  4000 | loss=1.155e-02 | d_err=0.6835
  [sweep beta=1] iter=  4000 | loss=1.155e-02 | d_err=0.6835
  beta=      1 | cond(H)=1.23e+02 | d_err=0.6835 | BIE=2.21e-01 | loss=1.15e-02 | time=51.0s
  [sweep beta=10] iter=     0 | loss=3.124e-01 | d_err=1.0001
  [sweep beta=10] iter=   200 | loss=1.654e-01 | d_err=0.8096
  [sweep beta=10] iter=   400 | loss=1.560e-01 | d_err=0.7938
  [sweep beta=10] iter=   600 | loss=1.549e-01 | d_err=0.7919
  [sweep beta=10] iter=   800 | loss=1.545e-01 | d_err=0.7912
  [sweep beta=10] iter=  1000 | loss=1.542e-01 | d_err=0.7904
  [sweep beta=10] iter=  1000 | loss=1.542e-01 | d_err=0.7904
  [sweep beta=10] iter=  1200 | loss=1.266e-01 | d_err=0.7355
  [sweep beta=10] iter=  1400 | loss=1.204e-01 | d_err=0.7331
  [sweep beta=10] iter=  1600 | loss=1.181e-01 | d_err=0.7280
  [sweep beta=10] iter=  1800 | loss=1.161e-01 | d_err=0.7208
  [sweep beta=10] iter=  2000 | loss=1.148e-01 | d_err=0.7103
  [sweep beta=10] iter=  2200 | loss=1.133e-01 | d_err=0.7033
  [sweep beta=10] iter=  2400 | loss=1.126e-01 | d_err=0.6938
  [sweep beta=10] iter=  2600 | loss=1.113e-01 | d_err=0.6890
  [sweep beta=10] iter=  2800 | loss=1.096e-01 | d_err=0.6780
  [sweep beta=10] iter=  3000 | loss=1.081e-01 | d_err=0.6676
  [sweep beta=10] iter=  3200 | loss=1.064e-01 | d_err=0.6555
  [sweep beta=10] iter=  3400 | loss=1.054e-01 | d_err=0.6466
  [sweep beta=10] iter=  3600 | loss=1.029e-01 | d_err=0.6312
  [sweep beta=10] iter=  3800 | loss=9.975e-02 | d_err=0.6085
  [sweep beta=10] iter=  4000 | loss=9.725e-02 | d_err=0.5997
  [sweep beta=10] iter=  4000 | loss=9.725e-02 | d_err=0.5997
  beta=     10 | cond(H)=7.38e+01 | d_err=0.5997 | BIE=2.40e-01 | loss=9.73e-02 | time=52.4s
  [sweep beta=100] iter=     0 | loss=3.047e+00 | d_err=1.0001
  [sweep beta=100] iter=   200 | loss=1.633e+00 | d_err=0.8090
  [sweep beta=100] iter=   400 | loss=1.555e+00 | d_err=0.7985
  [sweep beta=100] iter=   600 | loss=1.536e+00 | d_err=0.7920
  [sweep beta=100] iter=   800 | loss=1.532e+00 | d_err=0.7913
  [sweep beta=100] iter=  1000 | loss=1.529e+00 | d_err=0.7905
  [sweep beta=100] iter=  1000 | loss=1.529e+00 | d_err=0.7905
  [sweep beta=100] iter=  1200 | loss=1.235e+00 | d_err=0.7319
  [sweep beta=100] iter=  1400 | loss=1.200e+00 | d_err=0.7324
  [sweep beta=100] iter=  1600 | loss=1.184e+00 | d_err=0.7222
  [sweep beta=100] iter=  1800 | loss=1.169e+00 | d_err=0.7224
  [sweep beta=100] iter=  2000 | loss=1.153e+00 | d_err=0.7173
  [sweep beta=100] iter=  2200 | loss=1.131e+00 | d_err=0.7132
  [sweep beta=100] iter=  2400 | loss=1.123e+00 | d_err=0.7124
  [sweep beta=100] iter=  2600 | loss=1.106e+00 | d_err=0.7027
  [sweep beta=100] iter=  2800 | loss=1.087e+00 | d_err=0.6900
  [sweep beta=100] iter=  3000 | loss=1.081e+00 | d_err=0.6863
  [sweep beta=100] iter=  3200 | loss=1.075e+00 | d_err=0.6802
  [sweep beta=100] iter=  3400 | loss=1.063e+00 | d_err=0.6707
  [sweep beta=100] iter=  3600 | loss=1.043e+00 | d_err=0.6689
  [sweep beta=100] iter=  3800 | loss=1.024e+00 | d_err=0.6550
  [sweep beta=100] iter=  4000 | loss=1.007e+00 | d_err=0.6443
  [sweep beta=100] iter=  4000 | loss=1.007e+00 | d_err=0.6443
  beta=    100 | cond(H)=7.42e+01 | d_err=0.6443 | BIE=2.65e-01 | loss=1.01e+00 | time=50.3s

  Sweep table:
      beta |      cond(H) | density rel-diff | BIE residual
  ------------------------------------------------------------
         0 |     1.79e+08 |           0.6749 |     5.00e-02
     0.001 |     4.32e+04 |           0.6669 |     4.72e-02
      0.01 |     4.88e+03 |           0.6707 |     4.89e-02
       0.1 |     6.02e+02 |           0.6871 |     1.03e-01
         1 |     1.23e+02 |           0.6835 |     2.21e-01
        10 |     7.38e+01 |           0.5997 |     2.40e-01
       100 |     7.42e+01 |           0.6443 |     2.65e-01

  Selected best beta (lowest density error, beta>0): 10

--- Step 5: Full training comparison ---
  Budget: Adam [(1000, 0.001), (1000, 0.0003), (1000, 0.0001)] + L-BFGS 15000

======================================================================
Case A: Standard ||Vsigma-g||^2
======================================================================
  [A] iter=     0 | loss=8.565e-03 | d_err=1.0001
  [A] iter=   200 | loss=2.785e-04 | d_err=0.7979
  [A] iter=   400 | loss=2.499e-04 | d_err=0.7941
  [A] iter=   600 | loss=2.312e-04 | d_err=0.7895
  [A] iter=   800 | loss=2.123e-04 | d_err=0.7845
  [A] iter=  1000 | loss=1.913e-04 | d_err=0.7770
  [A] iter=  1200 | loss=1.858e-04 | d_err=0.7748
  [A] iter=  1400 | loss=1.802e-04 | d_err=0.7725
  [A] iter=  1600 | loss=1.744e-04 | d_err=0.7700
  [A] iter=  1800 | loss=1.683e-04 | d_err=0.7673
  [A] iter=  2000 | loss=1.618e-04 | d_err=0.7644
  [A] iter=  2200 | loss=1.594e-04 | d_err=0.7634
  [A] iter=  2400 | loss=1.569e-04 | d_err=0.7622
  [A] iter=  2600 | loss=1.540e-04 | d_err=0.7609
  [A] iter=  2800 | loss=1.509e-04 | d_err=0.7595
  [A] iter=  3000 | loss=1.476e-04 | d_err=0.7579
  [A] iter=  3000 | loss=1.476e-04 | d_err=0.7579
  [A] iter=  3200 | loss=2.098e-05 | d_err=0.6681
  [A] iter=  3400 | loss=2.098e-05 | d_err=0.6681
  [A] iter=  3600 | loss=2.098e-05 | d_err=0.6681
  [A] iter=  3800 | loss=2.098e-05 | d_err=0.6681
  [A] iter=  4000 | loss=2.098e-05 | d_err=0.6681
  [A] iter=  4200 | loss=2.098e-05 | d_err=0.6681
  [A] iter=  4400 | loss=2.098e-05 | d_err=0.6681
  [A] iter=  4600 | loss=2.098e-05 | d_err=0.6681
  [A] iter=  4800 | loss=2.098e-05 | d_err=0.6681
  [A] iter=  5000 | loss=2.098e-05 | d_err=0.6681
  [A] iter=  5200 | loss=2.098e-05 | d_err=0.6681
  [A] iter=  5400 | loss=2.098e-05 | d_err=0.6681
  [A] iter=  5600 | loss=2.098e-05 | d_err=0.6681
  [A] iter=  5800 | loss=2.098e-05 | d_err=0.6681
  [A] iter=  6000 | loss=2.098e-05 | d_err=0.6681
  [A] iter=  6200 | loss=2.098e-05 | d_err=0.6681
  [A] iter=  6400 | loss=2.098e-05 | d_err=0.6681
  [A] iter=  6600 | loss=2.098e-05 | d_err=0.6681
  [A] iter=  6800 | loss=2.098e-05 | d_err=0.6681
  [A] iter=  7000 | loss=2.098e-05 | d_err=0.6681
  [A] iter=  7200 | loss=2.098e-05 | d_err=0.6681
  [A] iter=  7400 | loss=2.098e-05 | d_err=0.6681
  [A] iter=  7600 | loss=2.098e-05 | d_err=0.6681
  [A] iter=  7800 | loss=2.098e-05 | d_err=0.6681
  [A] iter=  8000 | loss=2.098e-05 | d_err=0.6681
  [A] iter=  8200 | loss=2.098e-05 | d_err=0.6681
  [A] iter=  8400 | loss=2.098e-05 | d_err=0.6681
  [A] iter=  8600 | loss=2.098e-05 | d_err=0.6681
  [A] iter=  8800 | loss=2.098e-05 | d_err=0.6681
  [A] iter=  9000 | loss=2.098e-05 | d_err=0.6681
  [A] iter=  9200 | loss=2.098e-05 | d_err=0.6681
  [A] iter=  9400 | loss=2.098e-05 | d_err=0.6681
  [A] iter=  9600 | loss=2.098e-05 | d_err=0.6681
  [A] iter=  9800 | loss=2.098e-05 | d_err=0.6681
  [A] iter= 10000 | loss=2.098e-05 | d_err=0.6681
  [A] iter= 10200 | loss=2.098e-05 | d_err=0.6681
  [A] iter= 10400 | loss=2.098e-05 | d_err=0.6681
  [A] iter= 10600 | loss=2.098e-05 | d_err=0.6681
  [A] iter= 10800 | loss=2.098e-05 | d_err=0.6681
  [A] iter= 11000 | loss=2.098e-05 | d_err=0.6681
  [A] iter= 11200 | loss=2.098e-05 | d_err=0.6681
  [A] iter= 11400 | loss=2.098e-05 | d_err=0.6681
  [A] iter= 11600 | loss=2.098e-05 | d_err=0.6681
  [A] iter= 11800 | loss=2.098e-05 | d_err=0.6681
  [A] iter= 12000 | loss=2.098e-05 | d_err=0.6681
  [A] iter= 12200 | loss=2.098e-05 | d_err=0.6681
  [A] iter= 12400 | loss=2.098e-05 | d_err=0.6681
  [A] iter= 12600 | loss=2.098e-05 | d_err=0.6681
  [A] iter= 12800 | loss=2.098e-05 | d_err=0.6681
  [A] iter= 13000 | loss=2.098e-05 | d_err=0.6681
  [A] iter= 13200 | loss=2.098e-05 | d_err=0.6681
  [A] iter= 13400 | loss=2.098e-05 | d_err=0.6681
  [A] iter= 13600 | loss=2.098e-05 | d_err=0.6681
  [A] iter= 13800 | loss=2.098e-05 | d_err=0.6681
  [A] iter= 14000 | loss=2.098e-05 | d_err=0.6681
  [A] iter= 14200 | loss=2.098e-05 | d_err=0.6681
  [A] iter= 14400 | loss=2.098e-05 | d_err=0.6681
  [A] iter= 14600 | loss=2.098e-05 | d_err=0.6681
  [A] iter= 14800 | loss=2.098e-05 | d_err=0.6681
  [A] iter= 15000 | loss=2.098e-05 | d_err=0.6681
  [A] iter= 15200 | loss=2.098e-05 | d_err=0.6681
  [A] iter= 15400 | loss=2.098e-05 | d_err=0.6681
  [A] iter= 15600 | loss=2.098e-05 | d_err=0.6681
  [A] iter= 15800 | loss=2.098e-05 | d_err=0.6681
  [A] iter= 16000 | loss=2.098e-05 | d_err=0.6681
  [A] iter= 16200 | loss=2.098e-05 | d_err=0.6681
  [A] iter= 16400 | loss=2.098e-05 | d_err=0.6681
  [A] iter= 16600 | loss=2.098e-05 | d_err=0.6681
  [A] iter= 16800 | loss=2.098e-05 | d_err=0.6681
  [A] iter= 17000 | loss=2.098e-05 | d_err=0.6681
  [A] iter= 17200 | loss=2.098e-05 | d_err=0.6681
  [A] iter= 17400 | loss=2.098e-05 | d_err=0.6681
  [A] iter= 17600 | loss=2.098e-05 | d_err=0.6681
  [A] iter= 17800 | loss=2.098e-05 | d_err=0.6681
  [A] iter= 18000 | loss=2.098e-05 | d_err=0.6681
  [A] iter= 18000 | loss=2.098e-05 | d_err=0.6681
  [A] final: d_err=0.6681 | BIE=4.99e-02 | iL2=3.13e-02 | loss=2.10e-05 | time=31.7s

======================================================================
Case B: Left V^{-1} ||sigma-sigma*||^2
======================================================================
  [B] iter=     0 | loss=2.203e+00 | d_err=1.0001
  [B] iter=   200 | loss=1.226e+00 | d_err=0.7425
  [B] iter=   400 | loss=1.196e+00 | d_err=0.7367
  [B] iter=   600 | loss=1.108e+00 | d_err=0.7094
  [B] iter=   800 | loss=9.469e-01 | d_err=0.6554
  [B] iter=  1000 | loss=8.553e-01 | d_err=0.6230
  [B] iter=  1200 | loss=8.279e-01 | d_err=0.6130
  [B] iter=  1400 | loss=7.939e-01 | d_err=0.6003
  [B] iter=  1600 | loss=7.514e-01 | d_err=0.5840
  [B] iter=  1800 | loss=7.010e-01 | d_err=0.5641
  [B] iter=  2000 | loss=6.449e-01 | d_err=0.5410
  [B] iter=  2200 | loss=6.247e-01 | d_err=0.5325
  [B] iter=  2400 | loss=6.034e-01 | d_err=0.5234
  [B] iter=  2600 | loss=5.811e-01 | d_err=0.5136
  [B] iter=  2800 | loss=5.578e-01 | d_err=0.5032
  [B] iter=  3000 | loss=5.340e-01 | d_err=0.4923
  [B] iter=  3000 | loss=5.339e-01 | d_err=0.4923
  [B] iter=  3200 | loss=1.393e-01 | d_err=0.2515
  [B] iter=  3400 | loss=8.038e-02 | d_err=0.1910
  [B] iter=  3600 | loss=3.833e-02 | d_err=0.1319
  [B] iter=  3800 | loss=2.471e-02 | d_err=0.1059
  [B] iter=  4000 | loss=1.693e-02 | d_err=0.0877
  [B] iter=  4200 | loss=1.178e-02 | d_err=0.0731
  [B] iter=  4400 | loss=9.196e-03 | d_err=0.0646
  [B] iter=  4600 | loss=7.807e-03 | d_err=0.0595
  [B] iter=  4800 | loss=6.293e-03 | d_err=0.0535
  [B] iter=  5000 | loss=5.301e-03 | d_err=0.0491
  [B] iter=  5200 | loss=4.628e-03 | d_err=0.0458
  [B] iter=  5400 | loss=3.984e-03 | d_err=0.0425
  [B] iter=  5600 | loss=3.476e-03 | d_err=0.0397
  [B] iter=  5800 | loss=3.110e-03 | d_err=0.0376
  [B] iter=  6000 | loss=2.778e-03 | d_err=0.0355
  [B] iter=  6200 | loss=2.499e-03 | d_err=0.0337
  [B] iter=  6400 | loss=2.250e-03 | d_err=0.0320
  [B] iter=  6600 | loss=2.029e-03 | d_err=0.0304
  [B] iter=  6800 | loss=1.812e-03 | d_err=0.0287
  [B] iter=  7000 | loss=1.616e-03 | d_err=0.0271
  [B] iter=  7200 | loss=1.453e-03 | d_err=0.0257
  [B] iter=  7400 | loss=1.291e-03 | d_err=0.0242
  [B] iter=  7600 | loss=1.160e-03 | d_err=0.0229
  [B] iter=  7800 | loss=1.071e-03 | d_err=0.0220
  [B] iter=  8000 | loss=9.750e-04 | d_err=0.0210
  [B] iter=  8200 | loss=8.875e-04 | d_err=0.0201
  [B] iter=  8400 | loss=8.078e-04 | d_err=0.0192
  [B] iter=  8600 | loss=7.539e-04 | d_err=0.0185
  [B] iter=  8800 | loss=6.890e-04 | d_err=0.0177
  [B] iter=  9000 | loss=6.345e-04 | d_err=0.0170
  [B] iter=  9200 | loss=5.907e-04 | d_err=0.0164
  [B] iter=  9400 | loss=5.300e-04 | d_err=0.0155
  [B] iter=  9600 | loss=4.786e-04 | d_err=0.0147
  [B] iter=  9800 | loss=4.473e-04 | d_err=0.0143
  [B] iter= 10000 | loss=4.145e-04 | d_err=0.0137
  [B] iter= 10200 | loss=3.919e-04 | d_err=0.0133
  [B] iter= 10400 | loss=3.578e-04 | d_err=0.0127
  [B] iter= 10600 | loss=3.321e-04 | d_err=0.0123
  [B] iter= 10800 | loss=3.120e-04 | d_err=0.0119
  [B] iter= 11000 | loss=2.864e-04 | d_err=0.0114
  [B] iter= 11200 | loss=2.722e-04 | d_err=0.0111
  [B] iter= 11400 | loss=2.578e-04 | d_err=0.0108
  [B] iter= 11600 | loss=2.444e-04 | d_err=0.0105
  [B] iter= 11800 | loss=2.301e-04 | d_err=0.0102
  [B] iter= 12000 | loss=2.209e-04 | d_err=0.0100
  [B] iter= 12200 | loss=2.098e-04 | d_err=0.0098
  [B] iter= 12400 | loss=2.030e-04 | d_err=0.0096
  [B] iter= 12600 | loss=1.961e-04 | d_err=0.0094
  [B] iter= 12800 | loss=1.894e-04 | d_err=0.0093
  [B] iter= 13000 | loss=1.830e-04 | d_err=0.0091
  [B] iter= 13200 | loss=1.796e-04 | d_err=0.0090
  [B] iter= 13400 | loss=1.733e-04 | d_err=0.0089
  [B] iter= 13600 | loss=1.678e-04 | d_err=0.0087
  [B] iter= 13800 | loss=1.631e-04 | d_err=0.0086
  [B] iter= 14000 | loss=1.570e-04 | d_err=0.0084
  [B] iter= 14200 | loss=1.511e-04 | d_err=0.0083
  [B] iter= 14400 | loss=1.476e-04 | d_err=0.0082
  [B] iter= 14600 | loss=1.432e-04 | d_err=0.0081
  [B] iter= 14800 | loss=1.400e-04 | d_err=0.0080
  [B] iter= 15000 | loss=1.368e-04 | d_err=0.0079
  [B] iter= 15200 | loss=1.332e-04 | d_err=0.0078
  [B] iter= 15400 | loss=1.312e-04 | d_err=0.0077
  [B] iter= 15600 | loss=1.289e-04 | d_err=0.0077
  [B] iter= 15800 | loss=1.289e-04 | d_err=0.0077
  [B] iter= 16000 | loss=1.289e-04 | d_err=0.0077
  [B] iter= 16200 | loss=1.289e-04 | d_err=0.0077
  [B] iter= 16400 | loss=1.289e-04 | d_err=0.0077
  [B] iter= 16600 | loss=1.289e-04 | d_err=0.0077
  [B] iter= 16800 | loss=1.289e-04 | d_err=0.0077
  [B] iter= 17000 | loss=1.289e-04 | d_err=0.0077
  [B] iter= 17200 | loss=1.289e-04 | d_err=0.0077
  [B] iter= 17400 | loss=1.289e-04 | d_err=0.0077
  [B] iter= 17600 | loss=1.289e-04 | d_err=0.0077
  [B] iter= 17800 | loss=1.289e-04 | d_err=0.0077
  [B] iter= 18000 | loss=1.289e-04 | d_err=0.0077
  [B] iter= 18000 | loss=1.289e-04 | d_err=0.0077
  [B] final: d_err=0.0077 | BIE=1.19e-03 | iL2=1.58e-03 | loss=1.29e-04 | time=188.1s

======================================================================
Case C: H1 combined alpha=1
======================================================================
  [C] iter=     0 | loss=2.562e-01 | d_err=1.0001
  [C] iter=   200 | loss=1.333e-01 | d_err=0.7826
  [C] iter=   400 | loss=1.273e-01 | d_err=0.7760
  [C] iter=   600 | loss=1.255e-01 | d_err=0.7719
  [C] iter=   800 | loss=1.198e-01 | d_err=0.7614
  [C] iter=  1000 | loss=1.058e-01 | d_err=0.7269
  [C] iter=  1200 | loss=1.048e-01 | d_err=0.7217
  [C] iter=  1400 | loss=1.043e-01 | d_err=0.7189
  [C] iter=  1600 | loss=1.039e-01 | d_err=0.7169
  [C] iter=  1800 | loss=1.035e-01 | d_err=0.7152
  [C] iter=  2000 | loss=1.032e-01 | d_err=0.7136
  [C] iter=  2200 | loss=1.030e-01 | d_err=0.7130
  [C] iter=  2400 | loss=1.029e-01 | d_err=0.7124
  [C] iter=  2600 | loss=1.028e-01 | d_err=0.7117
  [C] iter=  2800 | loss=1.026e-01 | d_err=0.7110
  [C] iter=  3000 | loss=1.025e-01 | d_err=0.7102
  [C] iter=  3000 | loss=1.025e-01 | d_err=0.7102
  [C] iter=  3200 | loss=9.658e-02 | d_err=0.6643
  [C] iter=  3400 | loss=7.981e-02 | d_err=0.5599
  [C] iter=  3600 | loss=5.953e-02 | d_err=0.5035
  [C] iter=  3800 | loss=5.358e-02 | d_err=0.4333
  [C] iter=  4000 | loss=4.225e-02 | d_err=0.3364
  [C] iter=  4200 | loss=2.873e-02 | d_err=0.2533
  [C] iter=  4400 | loss=2.238e-02 | d_err=0.2329
  [C] iter=  4600 | loss=1.871e-02 | d_err=0.2147
  [C] iter=  4800 | loss=1.188e-02 | d_err=0.1716
  [C] iter=  5000 | loss=8.624e-03 | d_err=0.1441
  [C] iter=  5200 | loss=7.187e-03 | d_err=0.1287
  [C] iter=  5400 | loss=6.147e-03 | d_err=0.1163
  [C] iter=  5600 | loss=5.085e-03 | d_err=0.1041
  [C] iter=  5800 | loss=4.497e-03 | d_err=0.0978
  [C] iter=  6000 | loss=4.011e-03 | d_err=0.0950
  [C] iter=  6200 | loss=3.541e-03 | d_err=0.0881
  [C] iter=  6400 | loss=3.194e-03 | d_err=0.0871
  [C] iter=  6600 | loss=2.739e-03 | d_err=0.0812
  [C] iter=  6800 | loss=2.348e-03 | d_err=0.0765
  [C] iter=  7000 | loss=2.046e-03 | d_err=0.0736
  [C] iter=  7200 | loss=1.823e-03 | d_err=0.0703
  [C] iter=  7400 | loss=1.589e-03 | d_err=0.0683
  [C] iter=  7600 | loss=1.413e-03 | d_err=0.0666
  [C] iter=  7800 | loss=1.266e-03 | d_err=0.0649
  [C] iter=  8000 | loss=1.117e-03 | d_err=0.0629
  [C] iter=  8200 | loss=9.987e-04 | d_err=0.0612
  [C] iter=  8400 | loss=8.909e-04 | d_err=0.0594
  [C] iter=  8600 | loss=8.352e-04 | d_err=0.0589
  [C] iter=  8800 | loss=7.984e-04 | d_err=0.0584
  [C] iter=  9000 | loss=7.504e-04 | d_err=0.0573
  [C] iter=  9200 | loss=6.960e-04 | d_err=0.0554
  [C] iter=  9400 | loss=6.462e-04 | d_err=0.0542
  [C] iter=  9600 | loss=6.149e-04 | d_err=0.0533
  [C] iter=  9800 | loss=5.826e-04 | d_err=0.0526
  [C] iter= 10000 | loss=5.559e-04 | d_err=0.0520
  [C] iter= 10200 | loss=5.221e-04 | d_err=0.0514
  [C] iter= 10400 | loss=5.042e-04 | d_err=0.0511
  [C] iter= 10600 | loss=4.861e-04 | d_err=0.0508
  [C] iter= 10800 | loss=4.644e-04 | d_err=0.0507
  [C] iter= 11000 | loss=4.474e-04 | d_err=0.0505
  [C] iter= 11200 | loss=4.388e-04 | d_err=0.0504
  [C] iter= 11400 | loss=4.260e-04 | d_err=0.0503
  [C] iter= 11600 | loss=4.113e-04 | d_err=0.0500
  [C] iter= 11800 | loss=3.996e-04 | d_err=0.0501
  [C] iter= 12000 | loss=3.870e-04 | d_err=0.0501
  [C] iter= 12200 | loss=3.757e-04 | d_err=0.0503
  [C] iter= 12400 | loss=3.610e-04 | d_err=0.0503
  [C] iter= 12600 | loss=3.486e-04 | d_err=0.0500
  [C] iter= 12800 | loss=3.409e-04 | d_err=0.0500
  [C] iter= 13000 | loss=3.322e-04 | d_err=0.0499
  [C] iter= 13200 | loss=3.257e-04 | d_err=0.0497
  [C] iter= 13400 | loss=3.150e-04 | d_err=0.0494
  [C] iter= 13600 | loss=3.065e-04 | d_err=0.0493
  [C] iter= 13800 | loss=2.990e-04 | d_err=0.0496
  [C] iter= 14000 | loss=2.932e-04 | d_err=0.0498
  [C] iter= 14200 | loss=2.867e-04 | d_err=0.0497
  [C] iter= 14400 | loss=2.795e-04 | d_err=0.0498
  [C] iter= 14600 | loss=2.743e-04 | d_err=0.0498
  [C] iter= 14800 | loss=2.686e-04 | d_err=0.0502
  [C] iter= 15000 | loss=2.628e-04 | d_err=0.0506
  [C] iter= 15200 | loss=2.582e-04 | d_err=0.0510
  [C] iter= 15400 | loss=2.552e-04 | d_err=0.0514
  [C] iter= 15600 | loss=2.522e-04 | d_err=0.0518
  [C] iter= 15800 | loss=2.500e-04 | d_err=0.0517
  [C] iter= 16000 | loss=2.473e-04 | d_err=0.0518
  [C] iter= 16200 | loss=2.438e-04 | d_err=0.0514
  [C] iter= 16400 | loss=2.418e-04 | d_err=0.0514
  [C] iter= 16600 | loss=2.391e-04 | d_err=0.0513
  [C] iter= 16800 | loss=2.364e-04 | d_err=0.0513
  [C] iter= 17000 | loss=2.362e-04 | d_err=0.0513
  [C] iter= 17200 | loss=2.362e-04 | d_err=0.0513
  [C] iter= 17400 | loss=2.362e-04 | d_err=0.0513
  [C] iter= 17600 | loss=2.362e-04 | d_err=0.0513
  [C] iter= 17800 | loss=2.362e-04 | d_err=0.0513
  [C] iter= 18000 | loss=2.362e-04 | d_err=0.0513
  [C] iter= 18000 | loss=2.362e-04 | d_err=0.0513
  [C] final: d_err=0.0513 | BIE=8.40e-03 | iL2=1.13e-02 | loss=2.36e-04 | time=204.4s

======================================================================
Case D: Calderon combined beta=10
======================================================================
  [D] iter=     0 | loss=3.124e-01 | d_err=1.0001
  [D] iter=   200 | loss=1.654e-01 | d_err=0.8096
  [D] iter=   400 | loss=1.560e-01 | d_err=0.7938
  [D] iter=   600 | loss=1.546e-01 | d_err=0.7943
  [D] iter=   800 | loss=1.662e-01 | d_err=0.7953
  [D] iter=  1000 | loss=1.500e-01 | d_err=0.7819
  [D] iter=  1200 | loss=1.493e-01 | d_err=0.7803
  [D] iter=  1400 | loss=1.484e-01 | d_err=0.7785
  [D] iter=  1600 | loss=1.471e-01 | d_err=0.7762
  [D] iter=  1800 | loss=1.433e-01 | d_err=0.7725
  [D] iter=  2000 | loss=1.339e-01 | d_err=0.7650
  [D] iter=  2200 | loss=1.303e-01 | d_err=0.7606
  [D] iter=  2400 | loss=1.273e-01 | d_err=0.7555
  [D] iter=  2600 | loss=1.256e-01 | d_err=0.7510
  [D] iter=  2800 | loss=1.249e-01 | d_err=0.7481
  [D] iter=  3000 | loss=1.245e-01 | d_err=0.7462
  [D] iter=  3000 | loss=1.245e-01 | d_err=0.7462
  [D] iter=  3200 | loss=1.192e-01 | d_err=0.7218
  [D] iter=  3400 | loss=1.163e-01 | d_err=0.7188
  [D] iter=  3600 | loss=1.154e-01 | d_err=0.7154
  [D] iter=  3800 | loss=1.144e-01 | d_err=0.7155
  [D] iter=  4000 | loss=1.132e-01 | d_err=0.7081
  [D] iter=  4200 | loss=1.122e-01 | d_err=0.7058
  [D] iter=  4400 | loss=1.115e-01 | d_err=0.7034
  [D] iter=  4600 | loss=1.103e-01 | d_err=0.6981
  [D] iter=  4800 | loss=1.098e-01 | d_err=0.6967
  [D] iter=  5000 | loss=1.092e-01 | d_err=0.6900
  [D] iter=  5200 | loss=1.085e-01 | d_err=0.6835
  [D] iter=  5400 | loss=1.079e-01 | d_err=0.6760
  [D] iter=  5600 | loss=1.072e-01 | d_err=0.6673
  [D] iter=  5800 | loss=1.062e-01 | d_err=0.6635
  [D] iter=  6000 | loss=1.049e-01 | d_err=0.6549
  [D] iter=  6200 | loss=1.038e-01 | d_err=0.6491
  [D] iter=  6400 | loss=1.030e-01 | d_err=0.6443
  [D] iter=  6600 | loss=1.019e-01 | d_err=0.6331
  [D] iter=  6800 | loss=1.004e-01 | d_err=0.6190
  [D] iter=  7000 | loss=9.743e-02 | d_err=0.6069
  [D] iter=  7200 | loss=9.342e-02 | d_err=0.5769
  [D] iter=  7400 | loss=8.600e-02 | d_err=0.5361
  [D] iter=  7600 | loss=7.038e-02 | d_err=0.4471
  [D] iter=  7800 | loss=5.380e-02 | d_err=0.3532
  [D] iter=  8000 | loss=2.882e-02 | d_err=0.2031
  [D] iter=  8200 | loss=1.401e-02 | d_err=0.1274
  [D] iter=  8400 | loss=7.869e-03 | d_err=0.1027
  [D] iter=  8600 | loss=5.260e-03 | d_err=0.0908
  [D] iter=  8800 | loss=4.029e-03 | d_err=0.0868
  [D] iter=  9000 | loss=3.328e-03 | d_err=0.0863
  [D] iter=  9200 | loss=3.029e-03 | d_err=0.0867
  [D] iter=  9400 | loss=2.697e-03 | d_err=0.0846
  [D] iter=  9600 | loss=2.400e-03 | d_err=0.0800
  [D] iter=  9800 | loss=2.183e-03 | d_err=0.0790
  [D] iter= 10000 | loss=2.011e-03 | d_err=0.0785
  [D] iter= 10200 | loss=1.840e-03 | d_err=0.0765
  [D] iter= 10400 | loss=1.735e-03 | d_err=0.0747
  [D] iter= 10600 | loss=1.644e-03 | d_err=0.0738
  [D] iter= 10800 | loss=1.560e-03 | d_err=0.0730
  [D] iter= 11000 | loss=1.475e-03 | d_err=0.0727
  [D] iter= 11200 | loss=1.401e-03 | d_err=0.0714
  [D] iter= 11400 | loss=1.338e-03 | d_err=0.0708
  [D] iter= 11600 | loss=1.285e-03 | d_err=0.0696
  [D] iter= 11800 | loss=1.229e-03 | d_err=0.0688
  [D] iter= 12000 | loss=1.190e-03 | d_err=0.0676
  [D] iter= 12200 | loss=1.149e-03 | d_err=0.0674
  [D] iter= 12400 | loss=1.107e-03 | d_err=0.0660
  [D] iter= 12600 | loss=1.080e-03 | d_err=0.0655
  [D] iter= 12800 | loss=1.038e-03 | d_err=0.0640
  [D] iter= 13000 | loss=9.889e-04 | d_err=0.0618
  [D] iter= 13200 | loss=9.605e-04 | d_err=0.0612
  [D] iter= 13400 | loss=9.167e-04 | d_err=0.0594
  [D] iter= 13600 | loss=8.743e-04 | d_err=0.0574
  [D] iter= 13800 | loss=8.383e-04 | d_err=0.0545
  [D] iter= 14000 | loss=8.057e-04 | d_err=0.0539
  [D] iter= 14200 | loss=7.684e-04 | d_err=0.0532
  [D] iter= 14400 | loss=7.428e-04 | d_err=0.0526
  [D] iter= 14600 | loss=7.167e-04 | d_err=0.0517
  [D] iter= 14800 | loss=6.919e-04 | d_err=0.0502
  [D] iter= 15000 | loss=6.687e-04 | d_err=0.0497
  [D] iter= 15200 | loss=6.447e-04 | d_err=0.0490
  [D] iter= 15400 | loss=6.248e-04 | d_err=0.0481
  [D] iter= 15600 | loss=6.095e-04 | d_err=0.0475
  [D] iter= 15800 | loss=5.828e-04 | d_err=0.0467
  [D] iter= 16000 | loss=5.612e-04 | d_err=0.0458
  [D] iter= 16200 | loss=5.443e-04 | d_err=0.0454
  [D] iter= 16400 | loss=5.211e-04 | d_err=0.0438
  [D] iter= 16600 | loss=5.022e-04 | d_err=0.0431
  [D] iter= 16800 | loss=4.793e-04 | d_err=0.0414
  [D] iter= 17000 | loss=4.597e-04 | d_err=0.0401
  [D] iter= 17200 | loss=4.400e-04 | d_err=0.0389
  [D] iter= 17400 | loss=4.195e-04 | d_err=0.0382
  [D] iter= 17600 | loss=4.043e-04 | d_err=0.0373
  [D] iter= 17800 | loss=3.910e-04 | d_err=0.0364
  [D] iter= 18000 | loss=3.815e-04 | d_err=0.0354
  [D] iter= 18000 | loss=3.815e-04 | d_err=0.0354
  [D] final: d_err=0.0354 | BIE=8.72e-03 | iL2=9.40e-03 | loss=3.82e-04 | time=220.0s

======================================================================
Case E: Right V^{-1}: ||rho-g||^2, sigma=V^{-1}rho
======================================================================
  [E] iter=     0 | loss=8.955e-03 | d_err=1.0016
  [E] iter=   200 | loss=5.582e-04 | d_err=0.1792
  [E] iter=   400 | loss=1.710e-05 | d_err=0.1365
  [E] iter=   600 | loss=1.976e-05 | d_err=0.1318
  [E] iter=   800 | loss=1.245e-05 | d_err=0.1248
  [E] iter=  1000 | loss=1.498e-05 | d_err=0.1373
  [E] iter=  1200 | loss=1.365e-05 | d_err=0.1314
  [E] iter=  1400 | loss=1.272e-05 | d_err=0.1273
  [E] iter=  1600 | loss=1.185e-05 | d_err=0.1233
  [E] iter=  1800 | loss=1.102e-05 | d_err=0.1193
  [E] iter=  2000 | loss=1.022e-05 | d_err=0.1154
  [E] iter=  2200 | loss=9.950e-06 | d_err=0.1141
  [E] iter=  2400 | loss=9.670e-06 | d_err=0.1126
  [E] iter=  2600 | loss=9.377e-06 | d_err=0.1111
  [E] iter=  2800 | loss=9.073e-06 | d_err=0.1095
  [E] iter=  3000 | loss=8.759e-06 | d_err=0.1078
  [E] iter=  3000 | loss=8.758e-06 | d_err=0.1078
  [E] iter=  3200 | loss=1.344e-06 | d_err=0.0367
  [E] iter=  3400 | loss=1.344e-06 | d_err=0.0367
  [E] iter=  3600 | loss=1.344e-06 | d_err=0.0367
  [E] iter=  3800 | loss=1.344e-06 | d_err=0.0367
  [E] iter=  4000 | loss=1.344e-06 | d_err=0.0367
  [E] iter=  4200 | loss=1.344e-06 | d_err=0.0367
  [E] iter=  4400 | loss=1.344e-06 | d_err=0.0367
  [E] iter=  4600 | loss=1.344e-06 | d_err=0.0367
  [E] iter=  4800 | loss=1.344e-06 | d_err=0.0367
  [E] iter=  5000 | loss=1.344e-06 | d_err=0.0367
  [E] iter=  5200 | loss=1.344e-06 | d_err=0.0367
  [E] iter=  5400 | loss=1.344e-06 | d_err=0.0367
  [E] iter=  5600 | loss=1.344e-06 | d_err=0.0367
  [E] iter=  5800 | loss=1.344e-06 | d_err=0.0367
  [E] iter=  6000 | loss=1.344e-06 | d_err=0.0367
  [E] iter=  6200 | loss=1.344e-06 | d_err=0.0367
  [E] iter=  6400 | loss=1.344e-06 | d_err=0.0367
  [E] iter=  6600 | loss=1.344e-06 | d_err=0.0367
  [E] iter=  6800 | loss=1.344e-06 | d_err=0.0367
  [E] iter=  7000 | loss=1.344e-06 | d_err=0.0367
  [E] iter=  7200 | loss=1.344e-06 | d_err=0.0367
  [E] iter=  7400 | loss=1.344e-06 | d_err=0.0367
  [E] iter=  7600 | loss=1.344e-06 | d_err=0.0367
  [E] iter=  7800 | loss=1.344e-06 | d_err=0.0367
  [E] iter=  8000 | loss=1.344e-06 | d_err=0.0367
  [E] iter=  8200 | loss=1.344e-06 | d_err=0.0367
  [E] iter=  8400 | loss=1.344e-06 | d_err=0.0367
  [E] iter=  8600 | loss=1.344e-06 | d_err=0.0367
  [E] iter=  8800 | loss=1.344e-06 | d_err=0.0367
  [E] iter=  9000 | loss=1.344e-06 | d_err=0.0367
  [E] iter=  9200 | loss=1.344e-06 | d_err=0.0367
  [E] iter=  9400 | loss=1.344e-06 | d_err=0.0367
  [E] iter=  9600 | loss=1.344e-06 | d_err=0.0367
  [E] iter=  9800 | loss=1.344e-06 | d_err=0.0367
  [E] iter= 10000 | loss=1.344e-06 | d_err=0.0367
  [E] iter= 10200 | loss=1.344e-06 | d_err=0.0367
  [E] iter= 10400 | loss=1.344e-06 | d_err=0.0367
  [E] iter= 10600 | loss=1.344e-06 | d_err=0.0367
  [E] iter= 10800 | loss=1.344e-06 | d_err=0.0367
  [E] iter= 11000 | loss=1.344e-06 | d_err=0.0367
  [E] iter= 11200 | loss=1.344e-06 | d_err=0.0367
  [E] iter= 11400 | loss=1.344e-06 | d_err=0.0367
  [E] iter= 11600 | loss=1.344e-06 | d_err=0.0367
  [E] iter= 11800 | loss=1.344e-06 | d_err=0.0367
  [E] iter= 12000 | loss=1.344e-06 | d_err=0.0367
  [E] iter= 12200 | loss=1.344e-06 | d_err=0.0367
  [E] iter= 12400 | loss=1.344e-06 | d_err=0.0367
  [E] iter= 12600 | loss=1.344e-06 | d_err=0.0367
  [E] iter= 12800 | loss=1.344e-06 | d_err=0.0367
  [E] iter= 13000 | loss=1.344e-06 | d_err=0.0367
  [E] iter= 13200 | loss=1.344e-06 | d_err=0.0367
  [E] iter= 13400 | loss=1.344e-06 | d_err=0.0367
  [E] iter= 13600 | loss=1.344e-06 | d_err=0.0367
  [E] iter= 13800 | loss=1.344e-06 | d_err=0.0367
  [E] iter= 14000 | loss=1.344e-06 | d_err=0.0367
  [E] iter= 14200 | loss=1.344e-06 | d_err=0.0367
  [E] iter= 14400 | loss=1.344e-06 | d_err=0.0367
  [E] iter= 14600 | loss=1.344e-06 | d_err=0.0367
  [E] iter= 14800 | loss=1.344e-06 | d_err=0.0367
  [E] iter= 15000 | loss=1.344e-06 | d_err=0.0367
  [E] iter= 15200 | loss=1.344e-06 | d_err=0.0367
  [E] iter= 15400 | loss=1.344e-06 | d_err=0.0367
  [E] iter= 15600 | loss=1.344e-06 | d_err=0.0367
  [E] iter= 15800 | loss=1.344e-06 | d_err=0.0367
  [E] iter= 16000 | loss=1.344e-06 | d_err=0.0367
  [E] iter= 16200 | loss=1.344e-06 | d_err=0.0367
  [E] iter= 16400 | loss=1.344e-06 | d_err=0.0367
  [E] iter= 16600 | loss=1.344e-06 | d_err=0.0367
  [E] iter= 16800 | loss=1.344e-06 | d_err=0.0367
  [E] iter= 17000 | loss=1.344e-06 | d_err=0.0367
  [E] iter= 17200 | loss=1.344e-06 | d_err=0.0367
  [E] iter= 17400 | loss=1.344e-06 | d_err=0.0367
  [E] iter= 17600 | loss=1.344e-06 | d_err=0.0367
  [E] iter= 17800 | loss=1.344e-06 | d_err=0.0367
  [E] iter= 18000 | loss=1.344e-06 | d_err=0.0367
  [E] iter= 18000 | loss=1.344e-06 | d_err=0.0367
  [E] final: d_err=0.0367 | BIE=1.26e-02 | iL2=1.22e-02 | loss=1.34e-06 | time=17.9s

==============================================================================
FINAL COMPARISON (best beta=10)
==============================================================================
Metric                   |  A: Standard | B: Left V^-1 |        C: H1 |      D: Cald | E: Right V^-1
----------------------------------------------------------------------------------------------------
Density rel-diff         |       0.6681 |       0.0077 |       0.0513 |       0.0354 |       0.0367
BIE residual             |     4.99e-02 |     1.19e-03 |     8.40e-03 |     8.72e-03 |     1.26e-02
Interior rel L2          |     3.13e-02 |     1.58e-03 |     1.13e-02 |     9.40e-03 |     1.22e-02
Wall time (s)            |         31.7 |        188.1 |        204.4 |        220.0 |         17.9
----------------------------------------------------------------------------------------------------
Improvement vs A         |            - |        87.33x |        13.03x |        18.86x |        18.22x

--- Step 7: writing figures ---
  saved -> /Users/ismaillabaali/SEBINN/experiments/ex1_Koch/figures/calderon_combined_sweep.png
  saved -> /Users/ismaillabaali/SEBINN/experiments/ex1_Koch/figures/calderon_combined_convergence.png
  saved -> /Users/ismaillabaali/SEBINN/experiments/ex1_Koch/figures/calderon_combined_density.png
  saved -> /Users/ismaillabaali/SEBINN/experiments/ex1_Koch/figures/calderon_combined_comparison.png

All done. Figures in: /Users/ismaillabaali/SEBINN/experiments/ex1_Koch/figures
